src/components/sections/Ecosystem.tsx(2,35): error TS2305: Module '"@phosphor-icons/react"' has no exported member 'Box'.
src/main.tsx(4,17): error TS5097: An import path can only end with a '.tsx' extension when 'allowImportingTsExtensions' is enabled.
